// Jest Snapshot v1, https://goo.gl/fbAQLP

exports[`AppNavigation.vue show the name of the app 1`] = `
<span><v-navigation-drawer app="" dark="" disable-resize-watcher="" class="light-green darken-4"><v-list><v-list-item link=""><v-list-item-content><v-list-item-title>Menu</v-list-item-title></v-list-item-content></v-list-item><v-list-item link=""><v-list-item-content><v-list-item-title>Sign In</v-list-item-title></v-list-item-content></v-list-item><v-list-item link=""><v-list-item-content><v-list-item-title>Register</v-list-item-title></v-list-item-content></v-list-item></v-list></v-navigation-drawer> <v-app-bar color="light-green darken-4" dark=""><v-app-bar-nav-icon class="hidden-md-and-up"></v-app-bar-nav-icon> <v-toolbar-title><v-btn text="" to="/">Buy-Something</v-btn></v-toolbar-title> <div class="flex-grow-1"></div> <div><v-btn outlined="" color="white">Logout johndoe@gmail.com</v-btn></div> <div class="hidden-sm-and-down"><v-btn to="/cart" text="" color="white"><v-badge color="cyan" left=""> <v-icon large="" color="orange accent-3">shopping_cart</v-icon>
          (GHC )
        </v-badge></v-btn></div></v-app-bar></span>
`;
